// Jest Snapshot v1, https://goo.gl/fbAQLP

exports[`renders VGF colored icon for Grand Floridian 1`] = `
.c10 {
  display: -webkit-inline-box;
  display: -webkit-inline-flex;
  display: -ms-inline-flexbox;
  display: inline-flex;
  -webkit-align-items: center;
  -webkit-box-align: center;
  -ms-flex-align: center;
  align-items: center;
  -webkit-box-pack: center;
  -webkit-justify-content: center;
  -ms-flex-pack: center;
  justify-content: center;
  height: 2rem;
  width: 10rem;
  margin-top: 0.5rem;
  padding: 0.35rem 0.25rem 0.25rem;
  border-radius: 0.5rem;
  border: none;
  font-size: 1rem;
  -webkit-text-decoration: none;
  text-decoration: none;
  background: darkslateblue;
  color: floralwhite;
  box-shadow: 2px 1px 2px rgba(0,0,0,0.25);
  -webkit-transition: box-shadow 0.25s ease-in-out;
  transition: box-shadow 0.25s ease-in-out;
}

.c10:hover {
  box-shadow: 2px 1px 2px rgba(0,0,0,0.5);
  color: khaki;
}

.c1 {
  background: white;
  border-radius: 0.25rem;
  padding: 1rem;
  box-shadow: 4px 2px 14px rgba(255,255,255,0.25);
  color: black;
  text-align: left;
  display: grid;
  grid-template-columns: 5fr 2fr 1fr;
  -webkit-column-gap: 1rem;
  column-gap: 1rem;
  -webkit-box-pack: justify;
  -webkit-justify-content: space-between;
  -ms-flex-pack: justify;
  justify-content: space-between;
  font-size: 1.5rem;
}

.c1 + .c0 {
  margin-top: 1.5rem;
}

.c2 {
  display: -webkit-box;
  display: -webkit-flex;
  display: -ms-flexbox;
  display: flex;
  -webkit-align-items: center;
  -webkit-box-align: center;
  -ms-flex-align: center;
  align-items: center;
}

.c3 {
  border-radius: 50%;
  background: linear-gradient(160deg,hsl(335,76%,41%) 60%,hsl(335,76%,31%));
  color: white;
  border: 2px solid linear-gradient(160deg,hsl(335,76%,41%) 60%,hsl(335,76%,31%));
  width: 3rem;
  height: 3rem;
  text-align: center;
  display: -webkit-box;
  display: -webkit-flex;
  display: -ms-flexbox;
  display: flex;
  -webkit-align-items: center;
  -webkit-box-align: center;
  -ms-flex-align: center;
  align-items: center;
  -webkit-box-pack: center;
  -webkit-justify-content: center;
  -ms-flex-pack: center;
  justify-content: center;
  font-size: 1rem;
  font-weight: 700;
  -webkit-flex-shrink: 0;
  -ms-flex-negative: 0;
  flex-shrink: 0;
}

.c4 {
  margin-left: 2rem;
}

.c5 {
  display: inline-block;
  font-weight: bold;
}

.c6 {
  font-size: 1.25rem;
  font-weight: 300;
}

.c7 {
  display: -webkit-box;
  display: -webkit-flex;
  display: -ms-flexbox;
  display: flex;
  -webkit-flex-direction: column;
  -ms-flex-direction: column;
  flex-direction: column;
  -webkit-align-items: center;
  -webkit-box-align: center;
  -ms-flex-align: center;
  align-items: center;
}

.c7 .end-date {
  -webkit-text-decoration: underline;
  text-decoration: underline;
}

.c9 {
  font-size: 1.75rem;
}

.c8 {
  display: inline-block;
  padding: 0.25rem 1rem;
  background-color: hsla(120,100%,78%,0.4);
  border-radius: 0.25rem;
  margin-top: 0.25rem;
}

@media (max-width:768px) {
  .c10 {
    height: 3rem;
    width: 100%;
  }
}

@media (max-width:768px) {
  .c1 {
    display: -webkit-box;
    display: -webkit-flex;
    display: -ms-flexbox;
    display: flex;
    -webkit-flex-direction: column;
    -ms-flex-direction: column;
    flex-direction: column;
  }
}

@media (max-width:768px) {
  .c4 {
    margin-left: 1rem;
  }
}

@media (max-width:768px) {
  .c7 {
    margin: 1rem 0;
    text-align: right;
    -webkit-align-items: flex-end;
    -webkit-box-align: flex-end;
    -ms-flex-align: flex-end;
    align-items: flex-end;
  }
}

@media (max-width:768px) {
  .c9 {
    text-align: right;
    font-weight: bold;
  }
}

<div
  class="sc-AxjAm c0 c1"
>
  <div
    class="c2"
  >
    <div
      class="c3"
      color="white"
    >
      VGF
    </div>
    <div
      class="c4"
    >
      <div
        class="c5"
      >
        One-Bedroom Villa
         
        — 
        Theme Park View
      </div>
      <div
        class="c6"
      >
        The Villas at Disney's Grand Floridian Resort & Spa
      </div>
    </div>
  </div>
  <div
    class="c7"
  >
    <div>
      Fri 5/1
       —
       
      <span
        class="end-date"
      >
        Sat 5/9
      </span>
    </div>
    <div
      class="c8"
    >
      +
      2
       day
      s
    </div>
  </div>
  <div
    class="c9"
  >
    120
     points
    <button
      class="c10"
    >
      Check availability →
    </button>
  </div>
</div>
`;
